 
 -------------- celery@Palmtoms-MBP.local v5.6.2 (recovery)
--- ***** ----- 
-- ******* ---- macOS-14.8.4-x86_64-i386-64bit-Mach-O 2026-02-15 17:29:14
- *** --- * --- 
- ** ---------- [config]
- ** ---------- .> app:         bidexpert:0x10b1de510
- ** ---------- .> transport:   redis://localhost:6380/0
- ** ---------- .> results:     redis://localhost:6380/1
- *** --- * --- .> concurrency: 8 (prefork)
-- ******* ---- .> task events: OFF (enable -E to monitor tasks in this worker)
--- ***** ----- 
 -------------- [queues]
                .> celery           exchange=celery(direct) key=celery
                

[tasks]
  . tasks.extract_upsert_historical
  . tasks.generate_draft
  . tasks.ingest_document
  . tasks.render_export
  . tasks.requirement_extract
  . tasks.section_extract_stage
  . tasks.section_generate
  . tasks.section_generate_stage
  . tasks.section_pipeline
  . tasks.section_render_stage
  . tasks.section_validate
  . tasks.section_validate_stage
  . tasks.upsert_evidence

[2026-02-15 17:29:15,582: INFO/MainProcess] Connected to redis://localhost:6380/0
[2026-02-15 17:29:15,589: INFO/MainProcess] mingle: searching for neighbors
[2026-02-15 17:29:16,601: INFO/MainProcess] mingle: all alone
[2026-02-15 17:29:16,696: INFO/MainProcess] celery@Palmtoms-MBP.local ready.
